- Running make in /chalmers/users/chenhon/lab-group-22 ... Ok.
- Checking for executable(s) ...Ok.
- Checking for runtime(s) ... Ok.
About to run tests with these settings:
  Prefix:     jlc
  Backends:   None (type checking only)
  Extensions: None

[  1/123] testsuite/good/core032    ... OK
[  2/123] testsuite/good/core024    ... OK
[  3/123] testsuite/good/core031    ... OK
[  4/123] testsuite/good/core009    ... OK
[  5/123] testsuite/good/core008    ... OK
[  6/123] testsuite/good/core027    ... OK
[  7/123] testsuite/good/core030    ... OK
[  8/123] testsuite/good/core023    ... OK
[  9/123] testsuite/good/registers2 ... OK
[ 10/123] testsuite/good/core022    ... OK
[ 11/123] testsuite/good/assignedargument ... OK
[ 12/123] testsuite/good/core020    ... OK
[ 13/123] testsuite/good/core018    ... OK
[ 14/123] testsuite/good/core019    ... OK
[ 15/123] testsuite/good/registers1 ... OK
[ 16/123] testsuite/good/core010    ... OK
[ 17/123] testsuite/good/core028    ... OK
[ 18/123] testsuite/good/core007    ... OK
[ 19/123] testsuite/good/intarith5  ... OK
[ 20/123] testsuite/good/intarith4  ... OK
[ 21/123] testsuite/good/core006    ... OK
[ 22/123] testsuite/good/core029    ... OK
[ 23/123] testsuite/good/core011    ... OK
[ 24/123] testsuite/good/core013    ... OK
[ 25/123] testsuite/good/core004    ... OK
[ 26/123] testsuite/good/core005    ... OK
[ 27/123] testsuite/good/shadowedfunction ... OK
[ 28/123] testsuite/good/order_binop ... OK
[ 29/123] testsuite/good/core012    ... OK
[ 30/123] testsuite/good/order_binop2 ... OK
[ 31/123] testsuite/good/core001    ... OK
[ 32/123] testsuite/good/intarith3  ... OK
[ 33/123] testsuite/good/core016    ... OK
[ 34/123] testsuite/good/core017    ... OK
[ 35/123] testsuite/good/stack1     ... OK
[ 36/123] testsuite/good/intarith   ... OK
[ 37/123] testsuite/good/intarith2  ... OK
[ 38/123] testsuite/good/core002    ... OK
[ 39/123] testsuite/good/core015    ... OK
[ 40/123] testsuite/good/core014    ... OK
[ 41/123] testsuite/good/stack2     ... OK
[ 42/123] testsuite/good/order_fun  ... OK
[ 43/123] testsuite/bad/bad022      ... OK
[ 44/123] testsuite/bad/bad052      ... OK
[ 45/123] testsuite/bad/bad045      ... OK
[ 46/123] testsuite/bad/bad035      ... FAILED
[ 47/123] testsuite/bad/array04     ... OK
[ 48/123] testsuite/bad/array05     ... OK
[ 49/123] testsuite/bad/bad034      ... FAILED
[ 50/123] testsuite/bad/bad044      ... OK
[ 51/123] testsuite/bad/bad053      ... OK
[ 52/123] testsuite/bad/bad023      ... OK
[ 53/123] testsuite/bad/bad051      ... OK
[ 54/123] testsuite/bad/bad021      ... FAILED
[ 55/123] testsuite/bad/bad036      ... OK
[ 56/123] testsuite/bad/bad069      ... FAILED
[ 57/123] testsuite/bad/array07     ... OK
[ 58/123] testsuite/bad/bad046      ... OK
[ 59/123] testsuite/bad/bad019      ... OK
[ 60/123] testsuite/bad/assignedfunction ... OK
[ 61/123] testsuite/bad/bad018      ... OK
[ 62/123] testsuite/bad/bad047      ... OK
[ 63/123] testsuite/bad/array06     ... OK
[ 64/123] testsuite/bad/bad068      ... FAILED
[ 65/123] testsuite/bad/bad037      ... OK
[ 66/123] testsuite/bad/bad020      ... OK
[ 67/123] testsuite/bad/bad050      ... OK
[ 68/123] testsuite/bad/bad033      ... FAILED
[ 69/123] testsuite/bad/bad043      ... OK
[ 70/123] testsuite/bad/bad054      ... OK
[ 71/123] testsuite/bad/bad025      ... FAILED
[ 72/123] testsuite/bad/bad055      ... OK
[ 73/123] testsuite/bad/bad042      ... OK
[ 74/123] testsuite/bad/array03     ... OK
[ 75/123] testsuite/bad/bad032      ... FAILED
[ 76/123] testsuite/bad/bad040      ... OK
[ 77/123] testsuite/bad/array01     ... OK
[ 78/123] testsuite/bad/bad027      ... OK
[ 79/123] testsuite/bad/bad008      ... FAILED
[ 80/123] testsuite/bad/bad056      ... OK
[ 81/123] testsuite/bad/bad009      ... OK
[ 82/123] testsuite/bad/bad026      ... OK
[ 83/123] testsuite/bad/bad031      ... FAILED
[ 84/123] testsuite/bad/bad041      ... OK
[ 85/123] testsuite/bad/struct04    ... OK
[ 86/123] testsuite/bad/bad070      ... OK
[ 87/123] testsuite/bad/bad038      ... OK
[ 88/123] testsuite/bad/bad067      ... FAILED
[ 89/123] testsuite/bad/bad048      ... OK
[ 90/123] testsuite/bad/bad017      ... OK
[ 91/123] testsuite/bad/bad016      ... OK
[ 92/123] testsuite/bad/bad049      ... OK
[ 93/123] testsuite/bad/bad066      ... OK
[ 94/123] testsuite/bad/bad039      ... OK
[ 95/123] testsuite/bad/bad071      ... OK
[ 96/123] testsuite/bad/bad001      ... OK
[ 97/123] testsuite/bad/struct05    ... OK
[ 98/123] testsuite/bad/bad073      ... OK
[ 99/123] testsuite/bad/bad003      ... OK
[100/123] testsuite/bad/bad064      ... OK
[101/123] testsuite/bad/bad065      ... FAILED
[102/123] testsuite/bad/bad015      ... OK
[103/123] testsuite/bad/bad002      ... OK
[104/123] testsuite/bad/bad072      ... OK
[105/123] testsuite/bad/bad011      ... OK
[106/123] testsuite/bad/bad061      ... OK
[107/123] testsuite/bad/bad029      ... FAILED
[108/123] testsuite/bad/bad006      ... OK
[109/123] testsuite/bad/struct02    ... OK
[110/123] testsuite/bad/bad059      ... OK
[111/123] testsuite/bad/bad058      ... OK
[112/123] testsuite/bad/struct03    ... OK
[113/123] testsuite/bad/bad007      ... OK
[114/123] testsuite/bad/bad028      ... OK
[115/123] testsuite/bad/bad060      ... OK
[116/123] testsuite/bad/bad010      ... OK
[117/123] testsuite/bad/bad062      ... OK
[118/123] testsuite/bad/bad012      ... FAILED
[119/123] testsuite/bad/bad005      ... OK
[120/123] testsuite/bad/bad074      ... OK
[121/123] testsuite/bad/bad004      ... OK
[122/123] testsuite/bad/bad013      ... OK
[123/123] testsuite/bad/bad063      ... OK

Some tests failed:
---------- !!! testsuite/bad/bad035.jl failed !!! ----------

- stderr expected:
    ERROR
- stderr actual:
    OK
- compiler return code info:
    compiler return code: 0, nonzero expected

---------- !!! testsuite/bad/bad034.jl failed !!! ----------

- stderr expected:
    ERROR
- stderr actual:
    OK
- compiler return code info:
    compiler return code: 0, nonzero expected

---------- !!! testsuite/bad/bad021.jl failed !!! ----------

- stderr expected:
    ERROR
- stderr actual:
    OK
- compiler return code info:
    compiler return code: 0, nonzero expected

---------- !!! testsuite/bad/bad069.jl failed !!! ----------

- stderr expected:
    ERROR
- stderr actual:
    OK
- compiler return code info:
    compiler return code: 0, nonzero expected

---------- !!! testsuite/bad/bad068.jl failed !!! ----------

- stderr expected:
    ERROR
- stderr actual:
    OK
- compiler return code info:
    compiler return code: 0, nonzero expected

---------- !!! testsuite/bad/bad033.jl failed !!! ----------

- stderr expected:
    ERROR
- stderr actual:
    OK
- compiler return code info:
    compiler return code: 0, nonzero expected

---------- !!! testsuite/bad/bad025.jl failed !!! ----------

- stderr expected:
    ERROR
- stderr actual:
    OK
- compiler return code info:
    compiler return code: 0, nonzero expected

---------- !!! testsuite/bad/bad032.jl failed !!! ----------

- stderr expected:
    ERROR
- stderr actual:
    OK
- compiler return code info:
    compiler return code: 0, nonzero expected

---------- !!! testsuite/bad/bad008.jl failed !!! ----------

- stderr expected:
    ERROR
- stderr actual:
    OK
- compiler return code info:
    compiler return code: 0, nonzero expected

---------- !!! testsuite/bad/bad031.jl failed !!! ----------

- stderr expected:
    ERROR
- stderr actual:
    OK
- compiler return code info:
    compiler return code: 0, nonzero expected

---------- !!! testsuite/bad/bad067.jl failed !!! ----------

- stderr expected:
    ERROR
- stderr actual:
    OK
- compiler return code info:
    compiler return code: 0, nonzero expected

---------- !!! testsuite/bad/bad065.jl failed !!! ----------

- stderr expected:
    ERROR
- stderr actual:
    OK
- compiler return code info:
    compiler return code: 0, nonzero expected

---------- !!! testsuite/bad/bad029.jl failed !!! ----------

- stderr expected:
    ERROR
- stderr actual:
    OK
- compiler return code info:
    compiler return code: 0, nonzero expected

---------- !!! testsuite/bad/bad012.jl failed !!! ----------

- stderr expected:
    ERROR
- stderr actual:
    OK
- compiler return code info:
    compiler return code: 0, nonzero expected

/chalmers/users/chenhon/lab-group-22
